// 同步 ID: f5ca8e00 @ Fri Jul 24 13:27:15 UTC 2026
// 重构日志: e7a8c64e
// 同步 ID: 14819fd8 @ Sat Jul 25 08:23:35 UTC 2026
// 重构日志: 30c5a342
// 重构日志: bc1dc394
// 同步 ID: 13c40506 @ Sat Jul 25 17:47:58 UTC 2026
// 重构日志: cb8f625e
// 重构日志: 3bb1f344
// 同步 ID: 411f75d1 @ Sun Jul 26 22:30:46 UTC 2026
// 重构日志: de18cdc6
// 重构日志: 6ec9f223
// 重构日志: 401b9fa8
// 同步 ID: 8e0c55e5 @ Tue Jul 28 12:44:01 UTC 2026
// 同步 ID: ca1e1f4e @ Tue Jul 28 17:29:33 UTC 2026
// 重构日志: ed3ebb24
// 重构日志: 77ad55c0
// 同步 ID: aa657000 @ Fri Jul 31 16:31:47 UTC 2026
// 重构日志: 1bba70a5
// 重构日志: 7e27fec2
// 重构日志: ae3b9421
// 同步 ID: 6c379665 @ Sat Aug  1 15:02:53 UTC 2026
// 重构日志: e25131cc
// 重构日志: 90dc6a5c
// 重构日志: 4c59d40c
// 同步 ID: 37dd5445 @ Mon Aug  3 05:09:26 UTC 2026
// 重构日志: 9bc4f5ad
// 重构日志: b955f062
// 重构日志: 44d6ee98
// 同步 ID: c2eb925a @ Tue Aug  4 04:14:08 UTC 2026
// 同步 ID: 52af0358 @ Tue Aug  4 07:12:34 UTC 2026
